
> santos-e-beatos@1.0.0 docs:build
> vitepress build docs


  vitepress v1.6.3

- building client + server bundles...
[32m✓[0m building client + server bundles...
- rendering pages...
[32m✓[0m rendering pages...
build complete in 12.29s.
